./yshell build Apr 29 2022 19:04:34
% Bad command.  Was a message printed, and the program continued?
% make file this is the first file
% make second file
% make third file with more stuff in it
% cat file
thisisthefirstfile
% cat second
file
% cat third
filewithmorestuffinit
% ls /
/:
     1       5  ./
     1       5  ../
     2       5  file
     3       1  second
     4       6  third
% # Checking on making files and catting them.
% # Does ls with files work?
% # $Id: test2.ysh,v 1.2 2022-04-22 10:41:38-07 - - $
% ^D
yshell: exit(1)
